
> talk-to-the-hand@0.1.0 test
> react-scripts test --coverage

FAIL src/App.test.tsx
  ● Test suite failed to run

    ReferenceError: regeneratorRuntime is not defined

      1 | import { Box, Button, Flex, Input, Textarea } from '@chakra-ui/react';
      2 | import React, { useState } from 'react';
    > 3 | import SpeechRecognition, { useSpeechRecognition } from 'react-speech-recognition';
        | ^
      4 | import { Translate } from './Translate';
      5 | import { FaArrowDown } from 'react-icons/fa';
      6 | import { FaUndoAlt } from 'react-icons/fa';

      at node_modules/react-speech-recognition/lib/RecognitionManager.js:247:61
      at node_modules/react-speech-recognition/lib/RecognitionManager.js:332:6
      at Object.<anonymous> (node_modules/react-speech-recognition/lib/RecognitionManager.js:452:2)
      at Object.<anonymous> (node_modules/react-speech-recognition/lib/SpeechRecognition.js:16:50)
      at Object.<anonymous> (node_modules/react-speech-recognition/lib/index.js:16:50)
      at Object.<anonymous> (src/Dictaphone.tsx:3:1)
      at Object.<anonymous> (src/Converter.tsx:3:1)
      at Object.<anonymous> (src/App.tsx:18:1)
      at Object.<anonymous> (src/App.test.tsx:4:1)
      at TestScheduler.scheduleTests (node_modules/@jest/core/build/TestScheduler.js:333:13)
      at runJest (node_modules/@jest/core/build/runJest.js:404:19)
      at _run10000 (node_modules/@jest/core/build/cli/index.js:320:7)
      at runCLI (node_modules/@jest/core/build/cli/index.js:173:3)

[0;33mOne of your dependencies, babel-preset-react-app, is importing the
"@babel/plugin-proposal-private-property-in-object" package without
declaring it in its dependencies. This is currently working because
"@babel/plugin-proposal-private-property-in-object" is already in your
node_modules folder for unrelated reasons, but it [1mmay break at any time[0;33m.

babel-preset-react-app is part of the create-react-app project, [1mwhich
is not maintianed anymore[0;33m. It is thus unlikely that this bug will
ever be fixed. Add "@babel/plugin-proposal-private-property-in-object" to
your devDependencies to work around this error. This will make this message
go away.[0m
  
------------------------|---------|----------|---------|---------|-------------------
File                    | % Stmts | % Branch | % Funcs | % Lines | Uncovered Line #s 
------------------------|---------|----------|---------|---------|-------------------
All files               |       0 |        0 |       0 |       0 |                   
 src                    |       0 |        0 |       0 |       0 |                   
  About.tsx             |       0 |      100 |       0 |       0 | 5                 
  App.tsx               |       0 |      100 |       0 |       0 | 22-23             
  ColorModeSwitcher.tsx |       0 |      100 |       0 |       0 | 12-17             
  Converter.tsx         |       0 |      100 |       0 |       0 | 6                 
  Dictaphone.tsx        |       0 |        0 |       0 |       0 | 8-104             
  Home.tsx              |       0 |        0 |       0 |       0 | 8-109             
  Learn.tsx             |       0 |      100 |       0 |       0 | 7-81              
  Translate.tsx         |       0 |        0 |       0 |       0 | 11-98             
  index.tsx             |       0 |        0 |     100 |       0 | 9-28              
  reportWebVitals.ts    |       0 |        0 |       0 |       0 | 3-10              
  serviceWorker.ts      |       0 |        0 |       0 |       0 | 13-143            
  test-utils.tsx        |       0 |      100 |       0 |       0 | 5-10              
 src/interface          |       0 |        0 |       0 |       0 |                   
  word.ts               |       0 |        0 |       0 |       0 |                   
------------------------|---------|----------|---------|---------|-------------------
Test Suites: 1 failed, 1 total
Tests:       0 total
Snapshots:   0 total
Time:        3.957 s
Ran all test suites.
